[2026-05-05T10:35:03.366Z] {"timestamp":1777977302373,"kind":"scroll","url":"http://localhost:3000/","viewport":{"width":1960,"height":1110},"payload":{"scrollX":0,"scrollY":4,"documentHeight":8578,"viewportHeight":1110}}
[2026-05-05T10:35:03.366Z] {"timestamp":1777977302872,"kind":"scroll","url":"http://localhost:3000/","viewport":{"width":1960,"height":1110},"payload":{"scrollX":0,"scrollY":401,"documentHeight":8581,"viewportHeight":1110}}
[2026-05-05T10:35:05.364Z] {"timestamp":1777977303372,"kind":"scroll","url":"http://localhost:3000/","viewport":{"width":1960,"height":1110},"payload":{"scrollX":0,"scrollY":513,"documentHeight":8581,"viewportHeight":1110}}
[2026-05-05T10:35:05.364Z] {"timestamp":1777977303873,"kind":"scroll","url":"http://localhost:3000/","viewport":{"width":1960,"height":1110},"payload":{"scrollX":0,"scrollY":1294,"documentHeight":8581,"viewportHeight":1110}}
[2026-05-05T10:35:07.365Z] {"timestamp":1777977306039,"kind":"scroll","url":"http://localhost:3000/","viewport":{"width":1960,"height":1110},"payload":{"scrollX":0,"scrollY":1376,"documentHeight":8581,"viewportHeight":1110}}
[2026-05-05T10:35:09.367Z] {"timestamp":1777977307589,"kind":"scroll","url":"http://localhost:3000/","viewport":{"width":1960,"height":1110},"payload":{"scrollX":0,"scrollY":1832,"documentHeight":8581,"viewportHeight":1110}}
[2026-05-05T10:35:09.367Z] {"timestamp":1777977308089,"kind":"scroll","url":"http://localhost:3000/","viewport":{"width":1960,"height":1110},"payload":{"scrollX":0,"scrollY":2402,"documentHeight":8581,"viewportHeight":1110}}
[2026-05-05T10:35:09.367Z] {"timestamp":1777977308589,"kind":"scroll","url":"http://localhost:3000/","viewport":{"width":1960,"height":1110},"payload":{"scrollX":0,"scrollY":2653,"documentHeight":8581,"viewportHeight":1110}}
[2026-05-05T10:35:11.368Z] {"timestamp":1777977310439,"kind":"scroll","url":"http://localhost:3000/","viewport":{"width":1960,"height":1110},"payload":{"scrollX":0,"scrollY":2726,"documentHeight":8581,"viewportHeight":1110}}
[2026-05-05T10:35:11.368Z] {"timestamp":1777977311156,"kind":"scroll","url":"http://localhost:3000/","viewport":{"width":1960,"height":1110},"payload":{"scrollX":0,"scrollY":2782,"documentHeight":8581,"viewportHeight":1110}}
[2026-05-05T10:35:13.367Z] {"timestamp":1777977311656,"kind":"scroll","url":"http://localhost:3000/","viewport":{"width":1960,"height":1110},"payload":{"scrollX":0,"scrollY":2850,"documentHeight":8581,"viewportHeight":1110}}
[2026-05-05T10:35:13.367Z] {"timestamp":1777977312156,"kind":"scroll","url":"http://localhost:3000/","viewport":{"width":1960,"height":1110},"payload":{"scrollX":0,"scrollY":2894,"documentHeight":8581,"viewportHeight":1110}}
[2026-05-05T10:35:13.367Z] {"timestamp":1777977312656,"kind":"scroll","url":"http://localhost:3000/","viewport":{"width":1960,"height":1110},"payload":{"scrollX":0,"scrollY":3018,"documentHeight":8581,"viewportHeight":1110}}
[2026-05-05T10:35:15.367Z] {"timestamp":1777977313758,"kind":"click","url":"http://localhost:3000/","viewport":{"width":1960,"height":1110},"payload":{"target":{"tag":"a","id":null,"name":null,"type":null,"role":null,"ariaLabel":null,"testId":null,"dataLoc":"client/src/pages/Home.tsx:435","href":"#menu","text":"ZUM MENÜ","selectorHint":"[data-loc=\"client/src/pages/Home.tsx:435\"]"},"x":968,"y":303}}
[2026-05-05T10:35:15.367Z] {"timestamp":1777977313759,"kind":"navigate","url":"http://localhost:3000/#menu","viewport":{"width":1960,"height":1110},"payload":{"reason":"popstate"}}
[2026-05-05T10:35:15.367Z] {"timestamp":1777977313759,"kind":"navigate","url":"http://localhost:3000/#menu","viewport":{"width":1960,"height":1110},"payload":{"reason":"hashchange"}}
[2026-05-05T10:35:15.367Z] {"timestamp":1777977313789,"kind":"scroll","url":"http://localhost:3000/#menu","viewport":{"width":1960,"height":1110},"payload":{"scrollX":0,"scrollY":3284,"documentHeight":8581,"viewportHeight":1110}}
[2026-05-05T10:35:17.367Z] {"timestamp":1777977316707,"kind":"click","url":"http://localhost:3000/#menu","viewport":{"width":1960,"height":1110},"payload":{"target":{"tag":"button","id":null,"name":null,"type":null,"role":null,"ariaLabel":null,"testId":null,"dataLoc":"client/src/pages/Home.tsx:485","href":null,"text":"🍗 Chicken","selectorHint":"[data-loc=\"client/src/pages/Home.tsx:485\"]"},"x":688,"y":341}}
[2026-05-05T10:35:17.367Z] {"timestamp":1777977317357,"kind":"click","url":"http://localhost:3000/#menu","viewport":{"width":1960,"height":1110},"payload":{"target":{"tag":"button","id":null,"name":null,"type":null,"role":null,"ariaLabel":null,"testId":null,"dataLoc":"client/src/pages/Home.tsx:485","href":null,"text":"🌱 Vegan","selectorHint":"[data-loc=\"client/src/pages/Home.tsx:485\"]"},"x":867,"y":342}}
[2026-05-05T10:35:19.367Z] {"timestamp":1777977317858,"kind":"click","url":"http://localhost:3000/#menu","viewport":{"width":1960,"height":1110},"payload":{"target":{"tag":"button","id":null,"name":null,"type":null,"role":null,"ariaLabel":null,"testId":null,"dataLoc":"client/src/pages/Home.tsx:485","href":null,"text":"🍟 Sides","selectorHint":"[data-loc=\"client/src/pages/Home.tsx:485\"]"},"x":1009,"y":341}}
[2026-05-05T10:35:19.367Z] {"timestamp":1777977318457,"kind":"click","url":"http://localhost:3000/#menu","viewport":{"width":1960,"height":1110},"payload":{"target":{"tag":"button","id":null,"name":null,"type":null,"role":null,"ariaLabel":null,"testId":null,"dataLoc":"client/src/pages/Home.tsx:485","href":null,"text":"🥫 Sauces","selectorHint":"[data-loc=\"client/src/pages/Home.tsx:485\"]"},"x":1128,"y":344}}
[2026-05-05T10:35:19.367Z] {"timestamp":1777977318857,"kind":"click","url":"http://localhost:3000/#menu","viewport":{"width":1960,"height":1110},"payload":{"target":{"tag":"button","id":null,"name":null,"type":null,"role":null,"ariaLabel":null,"testId":null,"dataLoc":"client/src/pages/Home.tsx:485","href":null,"text":"🥤 Shakes","selectorHint":"[data-loc=\"client/src/pages/Home.tsx:485\"]"},"x":1258,"y":356}}
[2026-05-05T10:35:19.367Z] {"timestamp":1777977319208,"kind":"click","url":"http://localhost:3000/#menu","viewport":{"width":1960,"height":1110},"payload":{"target":{"tag":"button","id":null,"name":null,"type":null,"role":null,"ariaLabel":null,"testId":null,"dataLoc":"client/src/pages/Home.tsx:485","href":null,"text":"🧊 Drinks","selectorHint":"[data-loc=\"client/src/pages/Home.tsx:485\"]"},"x":1365,"y":356}}
[2026-05-05T10:35:21.369Z] {"timestamp":1777977319974,"kind":"click","url":"http://localhost:3000/#menu","viewport":{"width":1960,"height":1110},"payload":{"target":{"tag":"button","id":null,"name":null,"type":null,"role":null,"ariaLabel":null,"testId":null,"dataLoc":"client/src/pages/Home.tsx:485","href":null,"text":"🥩 Beef","selectorHint":"[data-loc=\"client/src/pages/Home.tsx:485\"]"},"x":624,"y":356}}
[2026-05-05T10:35:21.369Z] {"timestamp":1777977320422,"kind":"scroll","url":"http://localhost:3000/#menu","viewport":{"width":1960,"height":1110},"payload":{"scrollX":0,"scrollY":4261,"documentHeight":8581,"viewportHeight":1110}}
[2026-05-05T10:35:21.369Z] {"timestamp":1777977321122,"kind":"scroll","url":"http://localhost:3000/#menu","viewport":{"width":1960,"height":1110},"payload":{"scrollX":0,"scrollY":4906,"documentHeight":8581,"viewportHeight":1110}}
[2026-05-05T10:35:48.439Z] {"timestamp":1777977347172,"kind":"scroll","url":"http://localhost:3000/#menu","viewport":{"width":1960,"height":1110},"payload":{"scrollX":0,"scrollY":4908,"documentHeight":8581,"viewportHeight":1110}}
[2026-05-05T10:35:48.439Z] {"timestamp":1777977347989,"kind":"scroll","url":"http://localhost:3000/#menu","viewport":{"width":1960,"height":1110},"payload":{"scrollX":0,"scrollY":5385,"documentHeight":8581,"viewportHeight":1110}}
[2026-05-05T10:35:52.435Z] {"timestamp":1777977351255,"kind":"scroll","url":"http://localhost:3000/#menu","viewport":{"width":1960,"height":1110},"payload":{"scrollX":0,"scrollY":5690,"documentHeight":8581,"viewportHeight":1110}}
[2026-05-05T10:35:52.435Z] {"timestamp":1777977351767,"kind":"scroll","url":"http://localhost:3000/#menu","viewport":{"width":1960,"height":1110},"payload":{"scrollX":0,"scrollY":7044,"documentHeight":8581,"viewportHeight":1110}}
[2026-05-05T10:35:52.435Z] {"timestamp":1777977352272,"kind":"scroll","url":"http://localhost:3000/#menu","viewport":{"width":1960,"height":1110},"payload":{"scrollX":0,"scrollY":6878,"documentHeight":8581,"viewportHeight":1110}}
[2026-05-05T10:35:54.438Z] {"timestamp":1777977352772,"kind":"scroll","url":"http://localhost:3000/#menu","viewport":{"width":1960,"height":1110},"payload":{"scrollX":0,"scrollY":6741,"documentHeight":8581,"viewportHeight":1110}}
[2026-05-05T10:35:54.438Z] {"timestamp":1777977353872,"kind":"scroll","url":"http://localhost:3000/#menu","viewport":{"width":1960,"height":1110},"payload":{"scrollX":0,"scrollY":6738,"documentHeight":8581,"viewportHeight":1110}}
[2026-05-05T10:35:56.438Z] {"timestamp":1777977355222,"kind":"scroll","url":"http://localhost:3000/#menu","viewport":{"width":1960,"height":1110},"payload":{"scrollX":0,"scrollY":7092,"documentHeight":8581,"viewportHeight":1110}}
[2026-05-05T10:35:56.438Z] {"timestamp":1777977355789,"kind":"scroll","url":"http://localhost:3000/#menu","viewport":{"width":1960,"height":1110},"payload":{"scrollX":0,"scrollY":7185,"documentHeight":8581,"viewportHeight":1110}}
[2026-05-05T10:35:56.438Z] {"timestamp":1777977356306,"kind":"scroll","url":"http://localhost:3000/#menu","viewport":{"width":1960,"height":1110},"payload":{"scrollX":0,"scrollY":7476,"documentHeight":8581,"viewportHeight":1110}}
[2026-05-05T10:35:58.438Z] {"timestamp":1777977357605,"kind":"scroll","url":"http://localhost:3000/#menu","viewport":{"width":1960,"height":1110},"payload":{"scrollX":0,"scrollY":7469,"documentHeight":8581,"viewportHeight":1110}}
[2026-05-05T10:35:58.438Z] {"timestamp":1777977358105,"kind":"scroll","url":"http://localhost:3000/#menu","viewport":{"width":1960,"height":1110},"payload":{"scrollX":0,"scrollY":1474,"documentHeight":8581,"viewportHeight":1110}}
[2026-05-05T10:36:00.441Z] {"timestamp":1777977358605,"kind":"scroll","url":"http://localhost:3000/#menu","viewport":{"width":1960,"height":1110},"payload":{"scrollX":0,"scrollY":472,"documentHeight":8581,"viewportHeight":1110}}
[2026-05-05T10:36:00.441Z] {"timestamp":1777977359134,"kind":"scroll","url":"http://localhost:3000/#menu","viewport":{"width":1960,"height":1110},"payload":{"scrollX":0,"scrollY":-2,"documentHeight":8581,"viewportHeight":1110}}
[2026-05-05T10:36:00.441Z] {"timestamp":1777977359706,"kind":"scroll","url":"http://localhost:3000/#menu","viewport":{"width":1960,"height":1110},"payload":{"scrollX":0,"scrollY":-5,"documentHeight":8578,"viewportHeight":1110}}
[2026-05-05T10:36:49.514Z] {"timestamp":1777977408538,"kind":"scroll","url":"http://localhost:3000/#menu","viewport":{"width":1960,"height":1110},"payload":{"scrollX":0,"scrollY":-1,"documentHeight":8578,"viewportHeight":1110}}
[2026-05-05T10:36:49.514Z] {"timestamp":1777977409122,"kind":"scroll","url":"http://localhost:3000/#menu","viewport":{"width":1960,"height":1110},"payload":{"scrollX":0,"scrollY":0,"documentHeight":8578,"viewportHeight":1110}}
